<html>
<body>
<pre>
<h1>킮ision Build Log</h1>
<h2>Tool Versions:</h2>
IDE-Version: μVision V5.18.0.0
Copyright (C) 2016 ARM Ltd and ARM Germany GmbH. All rights reserved.
License Information: - -, -, LIC=----
 
Tool Versions:
Toolchain:       MDK-Lite  Version: 5.18
Toolchain Path:  C:\Keil_v5\ARM\ARMCC\Bin
C Compiler:      Armcc.exe V5.06 update 1 (build 61)
Assembler:       Armasm.exe V5.06 update 1 (build 61)
Linker/Locator:  ArmLink.exe V5.06 update 1 (build 61)
Library Manager: ArmAr.exe V5.06 update 1 (build 61)
Hex Converter:   FromElf.exe V5.06 update 1 (build 61)
CPU DLL:         SARMCM3.DLL V5.18
Dialog DLL:      DCM.DLL V1.13.6.0
Target DLL:      UL2CM3.DLL V1.157.5.0
Dialog DLL:      TCM.DLL V1.14.8.0
 
<h2>Project:</h2>
C:\Users\Gaelly\Desktop\문찬용입니다\공부\4-1\임베디드\9주차 실습\TermProj\project\PWM(Encoder) & Ultrasnoic\MDK-ARM\Project.uvprojx
Project File Date:  06/08/2017

<h2>Output:</h2>
*** Using Compiler 'V5.06 update 1 (build 61)', folder: 'C:\Keil_v5\ARM\ARMCC\Bin'
Build target 'PWM(Motor)'
compiling main.c...
..\Src\main.c(150): warning:  #1295-D: Deprecated declaration moveTo - give arg types
  void moveTo();
..\Src\main.c(151): warning:  #1295-D: Deprecated declaration judge - give arg types
  void judge();
..\Src\main.c(869): warning:  #177-D: function "SystemClock_Config" was declared but never referenced
  static void SystemClock_Config(void)
..\Src\main.c(132): warning:  #550-D: variable "ch2" was set but never used
  static uint32_t ch2 = 0 ;   //내가선???璣? 
..\Src\main.c(833): warning:  #177-D: function "_Config2" was declared but never referenced
  static void _Config2(void)
..\Src\main.c: 5 warnings, 0 errors
linking...
Program Size: Code=17492 RO-data=500 RW-data=252 ZI-data=27852  
FromELF: creating hex file...
".\output\PWM(Motor).axf" - 0 Error(s), 5 Warning(s).

<h2>Collection of Component include folders:</h2>
  C:\Users\Gaelly\Desktop\문찬용입니다\공부\4-1\임베디드\9주차 실습\TermProj\project\PWM(Encoder) & Ultrasnoic\MDK-ARM\RTE
  C:\Keil_v5\ARM\PACK\Keil\STM32F4xx_DFP\2.4.0\Drivers\CMSIS\Device\ST\STM32F4xx\Include

<h2>Collection of Component Files used:</h2>
Build Time Elapsed:  00:00:04
</pre>
</body>
</html>
